{"context":"NestFactory","level":"info","message":"Starting Nest application...","timestamp":"2026-04-16 14:32:26"}
{"context":"InstanceLoader","level":"info","message":"PrismaModule dependencies initialized","timestamp":"2026-04-16 14:32:26"}
{"context":"InstanceLoader","level":"info","message":"MulterModule dependencies initialized","timestamp":"2026-04-16 14:32:26"}
{"context":"InstanceLoader","level":"info","message":"ThrottlerModule dependencies initialized","timestamp":"2026-04-16 14:32:26"}
{"context":"InstanceLoader","level":"info","message":"ConfigHostModule dependencies initialized","timestamp":"2026-04-16 14:32:26"}
{"context":"InstanceLoader","level":"info","message":"WinstonModule dependencies initialized","timestamp":"2026-04-16 14:32:26"}
{"context":"InstanceLoader","level":"info","message":"ConfigModule dependencies initialized","timestamp":"2026-04-16 14:32:26"}
{"context":"InstanceLoader","level":"info","message":"AppModule dependencies initialized","timestamp":"2026-04-16 14:32:26"}
{"context":"InstanceLoader","level":"info","message":"FileModule dependencies initialized","timestamp":"2026-04-16 14:32:26"}
{"context":"RoutesResolver","level":"info","message":"FileReadController {/api/files}:","timestamp":"2026-04-16 14:32:26"}
{"context":"RouterExplorer","level":"info","message":"Mapped {/api/files, GET} route","timestamp":"2026-04-16 14:32:26"}
{"context":"RouterExplorer","level":"info","message":"Mapped {/api/files/:id, GET} route","timestamp":"2026-04-16 14:32:26"}
{"context":"RoutesResolver","level":"info","message":"FileWriteController {/api/files}:","timestamp":"2026-04-16 14:32:26"}
{"context":"RouterExplorer","level":"info","message":"Mapped {/api/files/upload, POST} route","timestamp":"2026-04-16 14:32:26"}
{"context":"NestApplication","level":"info","message":"Nest application successfully started","timestamp":"2026-04-16 14:32:26"}
{"context":"NestFactory","level":"info","message":"Starting Nest application...","timestamp":"2026-04-16 14:42:21"}
{"context":"InstanceLoader","level":"info","message":"PrismaModule dependencies initialized","timestamp":"2026-04-16 14:42:21"}
{"context":"InstanceLoader","level":"info","message":"MulterModule dependencies initialized","timestamp":"2026-04-16 14:42:21"}
{"context":"InstanceLoader","level":"info","message":"ThrottlerModule dependencies initialized","timestamp":"2026-04-16 14:42:21"}
{"context":"InstanceLoader","level":"info","message":"ConfigHostModule dependencies initialized","timestamp":"2026-04-16 14:42:21"}
{"context":"InstanceLoader","level":"info","message":"WinstonModule dependencies initialized","timestamp":"2026-04-16 14:42:21"}
{"context":"InstanceLoader","level":"info","message":"ConfigModule dependencies initialized","timestamp":"2026-04-16 14:42:21"}
{"context":"InstanceLoader","level":"info","message":"AppModule dependencies initialized","timestamp":"2026-04-16 14:42:21"}
{"context":"InstanceLoader","level":"info","message":"FileModule dependencies initialized","timestamp":"2026-04-16 14:42:21"}
{"context":"RoutesResolver","level":"info","message":"FileReadController {/api/files}:","timestamp":"2026-04-16 14:42:21"}
{"context":"RouterExplorer","level":"info","message":"Mapped {/api/files, GET} route","timestamp":"2026-04-16 14:42:21"}
{"context":"RouterExplorer","level":"info","message":"Mapped {/api/files/:id, GET} route","timestamp":"2026-04-16 14:42:21"}
{"context":"RoutesResolver","level":"info","message":"FileWriteController {/api/files}:","timestamp":"2026-04-16 14:42:21"}
{"context":"RouterExplorer","level":"info","message":"Mapped {/api/files/upload, POST} route","timestamp":"2026-04-16 14:42:21"}
{"context":"NestApplication","level":"info","message":"Nest application successfully started","timestamp":"2026-04-16 14:42:21"}
{"level":"error","message":"Cannot POST /api/upload","stack":[null],"timestamp":"2026-04-16 14:43:27"}
{"level":"error","message":"Cannot destructure property 'labId' of 'dto' as it is undefined.","stack":[null],"timestamp":"2026-04-16 14:43:39"}
{"context":"NestFactory","level":"info","message":"Starting Nest application...","timestamp":"2026-04-16 14:46:28"}
{"context":"InstanceLoader","level":"info","message":"PrismaModule dependencies initialized","timestamp":"2026-04-16 14:46:28"}
{"context":"InstanceLoader","level":"info","message":"MulterModule dependencies initialized","timestamp":"2026-04-16 14:46:28"}
{"context":"InstanceLoader","level":"info","message":"ThrottlerModule dependencies initialized","timestamp":"2026-04-16 14:46:28"}
{"context":"InstanceLoader","level":"info","message":"ConfigHostModule dependencies initialized","timestamp":"2026-04-16 14:46:28"}
{"context":"InstanceLoader","level":"info","message":"WinstonModule dependencies initialized","timestamp":"2026-04-16 14:46:28"}
{"context":"InstanceLoader","level":"info","message":"ConfigModule dependencies initialized","timestamp":"2026-04-16 14:46:28"}
{"context":"InstanceLoader","level":"info","message":"AppModule dependencies initialized","timestamp":"2026-04-16 14:46:28"}
{"context":"InstanceLoader","level":"info","message":"FileModule dependencies initialized","timestamp":"2026-04-16 14:46:28"}
{"context":"RoutesResolver","level":"info","message":"FileReadController {/api/files}:","timestamp":"2026-04-16 14:46:28"}
{"context":"RouterExplorer","level":"info","message":"Mapped {/api/files, GET} route","timestamp":"2026-04-16 14:46:28"}
{"context":"RouterExplorer","level":"info","message":"Mapped {/api/files/:id, GET} route","timestamp":"2026-04-16 14:46:28"}
{"context":"RoutesResolver","level":"info","message":"FileWriteController {/api/files}:","timestamp":"2026-04-16 14:46:28"}
{"context":"RouterExplorer","level":"info","message":"Mapped {/api/files/upload, POST} route","timestamp":"2026-04-16 14:46:28"}
{"context":"NestApplication","level":"info","message":"Nest application successfully started","timestamp":"2026-04-16 14:46:28"}
{"level":"error","message":"Failed to process file upload: this.storage.upload is not a function","stack":[null],"timestamp":"2026-04-16 14:46:33"}
{"context":"NestFactory","level":"info","message":"Starting Nest application...","timestamp":"2026-04-16 14:47:14"}
{"context":"InstanceLoader","level":"info","message":"PrismaModule dependencies initialized","timestamp":"2026-04-16 14:47:14"}
{"context":"InstanceLoader","level":"info","message":"MulterModule dependencies initialized","timestamp":"2026-04-16 14:47:14"}
{"context":"InstanceLoader","level":"info","message":"ThrottlerModule dependencies initialized","timestamp":"2026-04-16 14:47:14"}
{"context":"InstanceLoader","level":"info","message":"ConfigHostModule dependencies initialized","timestamp":"2026-04-16 14:47:14"}
{"context":"InstanceLoader","level":"info","message":"WinstonModule dependencies initialized","timestamp":"2026-04-16 14:47:14"}
{"context":"InstanceLoader","level":"info","message":"ConfigModule dependencies initialized","timestamp":"2026-04-16 14:47:14"}
{"context":"InstanceLoader","level":"info","message":"AppModule dependencies initialized","timestamp":"2026-04-16 14:47:14"}
{"context":"InstanceLoader","level":"info","message":"FileModule dependencies initialized","timestamp":"2026-04-16 14:47:14"}
{"context":"RoutesResolver","level":"info","message":"FileReadController {/api/files}:","timestamp":"2026-04-16 14:47:14"}
{"context":"RouterExplorer","level":"info","message":"Mapped {/api/files, GET} route","timestamp":"2026-04-16 14:47:14"}
{"context":"RouterExplorer","level":"info","message":"Mapped {/api/files/:id, GET} route","timestamp":"2026-04-16 14:47:14"}
{"context":"RoutesResolver","level":"info","message":"FileWriteController {/api/files}:","timestamp":"2026-04-16 14:47:14"}
{"context":"RouterExplorer","level":"info","message":"Mapped {/api/files/upload, POST} route","timestamp":"2026-04-16 14:47:14"}
{"context":"NestApplication","level":"info","message":"Nest application successfully started","timestamp":"2026-04-16 14:47:14"}
{"context":"NestFactory","level":"info","message":"Starting Nest application...","timestamp":"2026-04-16 14:47:16"}
{"context":"InstanceLoader","level":"info","message":"PrismaModule dependencies initialized","timestamp":"2026-04-16 14:47:16"}
{"context":"InstanceLoader","level":"info","message":"MulterModule dependencies initialized","timestamp":"2026-04-16 14:47:16"}
{"context":"InstanceLoader","level":"info","message":"ThrottlerModule dependencies initialized","timestamp":"2026-04-16 14:47:16"}
{"context":"InstanceLoader","level":"info","message":"ConfigHostModule dependencies initialized","timestamp":"2026-04-16 14:47:16"}
{"context":"InstanceLoader","level":"info","message":"WinstonModule dependencies initialized","timestamp":"2026-04-16 14:47:16"}
{"context":"InstanceLoader","level":"info","message":"ConfigModule dependencies initialized","timestamp":"2026-04-16 14:47:16"}
{"context":"InstanceLoader","level":"info","message":"AppModule dependencies initialized","timestamp":"2026-04-16 14:47:16"}
{"context":"InstanceLoader","level":"info","message":"FileModule dependencies initialized","timestamp":"2026-04-16 14:47:16"}
{"context":"RoutesResolver","level":"info","message":"FileReadController {/api/files}:","timestamp":"2026-04-16 14:47:16"}
{"context":"RouterExplorer","level":"info","message":"Mapped {/api/files, GET} route","timestamp":"2026-04-16 14:47:16"}
{"context":"RouterExplorer","level":"info","message":"Mapped {/api/files/:id, GET} route","timestamp":"2026-04-16 14:47:16"}
{"context":"RoutesResolver","level":"info","message":"FileWriteController {/api/files}:","timestamp":"2026-04-16 14:47:16"}
{"context":"RouterExplorer","level":"info","message":"Mapped {/api/files/upload, POST} route","timestamp":"2026-04-16 14:47:16"}
{"context":"NestApplication","level":"info","message":"Nest application successfully started","timestamp":"2026-04-16 14:47:16"}
{"context":"NestFactory","level":"info","message":"Starting Nest application...","timestamp":"2026-04-16 14:47:18"}
{"context":"InstanceLoader","level":"info","message":"PrismaModule dependencies initialized","timestamp":"2026-04-16 14:47:18"}
{"context":"InstanceLoader","level":"info","message":"MulterModule dependencies initialized","timestamp":"2026-04-16 14:47:18"}
{"context":"InstanceLoader","level":"info","message":"ThrottlerModule dependencies initialized","timestamp":"2026-04-16 14:47:18"}
{"context":"InstanceLoader","level":"info","message":"ConfigHostModule dependencies initialized","timestamp":"2026-04-16 14:47:18"}
{"context":"InstanceLoader","level":"info","message":"WinstonModule dependencies initialized","timestamp":"2026-04-16 14:47:18"}
{"context":"InstanceLoader","level":"info","message":"ConfigModule dependencies initialized","timestamp":"2026-04-16 14:47:18"}
{"context":"InstanceLoader","level":"info","message":"AppModule dependencies initialized","timestamp":"2026-04-16 14:47:18"}
{"context":"InstanceLoader","level":"info","message":"FileModule dependencies initialized","timestamp":"2026-04-16 14:47:18"}
{"context":"RoutesResolver","level":"info","message":"FileReadController {/api/files}:","timestamp":"2026-04-16 14:47:18"}
{"context":"RouterExplorer","level":"info","message":"Mapped {/api/files, GET} route","timestamp":"2026-04-16 14:47:18"}
{"context":"RouterExplorer","level":"info","message":"Mapped {/api/files/:id, GET} route","timestamp":"2026-04-16 14:47:18"}
{"context":"RoutesResolver","level":"info","message":"FileWriteController {/api/files}:","timestamp":"2026-04-16 14:47:18"}
{"context":"RouterExplorer","level":"info","message":"Mapped {/api/files/upload, POST} route","timestamp":"2026-04-16 14:47:18"}
{"context":"NestApplication","level":"info","message":"Nest application successfully started","timestamp":"2026-04-16 14:47:18"}
{"level":"error","message":"Failed to process file upload: Failed to save file to disk: The \"streams[stream.length - 1]\" property must be of type function. Received an instance of WriteStream","stack":[null],"timestamp":"2026-04-16 14:47:20"}
{"context":"NestFactory","level":"info","message":"Starting Nest application...","timestamp":"2026-04-16 14:50:43"}
{"context":"InstanceLoader","level":"info","message":"PrismaModule dependencies initialized","timestamp":"2026-04-16 14:50:43"}
{"context":"InstanceLoader","level":"info","message":"MulterModule dependencies initialized","timestamp":"2026-04-16 14:50:43"}
{"context":"InstanceLoader","level":"info","message":"ThrottlerModule dependencies initialized","timestamp":"2026-04-16 14:50:43"}
{"context":"InstanceLoader","level":"info","message":"ConfigHostModule dependencies initialized","timestamp":"2026-04-16 14:50:43"}
{"context":"InstanceLoader","level":"info","message":"WinstonModule dependencies initialized","timestamp":"2026-04-16 14:50:43"}
{"context":"InstanceLoader","level":"info","message":"ConfigModule dependencies initialized","timestamp":"2026-04-16 14:50:43"}
{"context":"InstanceLoader","level":"info","message":"AppModule dependencies initialized","timestamp":"2026-04-16 14:50:43"}
{"context":"InstanceLoader","level":"info","message":"FileModule dependencies initialized","timestamp":"2026-04-16 14:50:43"}
{"context":"RoutesResolver","level":"info","message":"FileReadController {/api/files}:","timestamp":"2026-04-16 14:50:43"}
{"context":"RouterExplorer","level":"info","message":"Mapped {/api/files, GET} route","timestamp":"2026-04-16 14:50:43"}
{"context":"RouterExplorer","level":"info","message":"Mapped {/api/files/:id, GET} route","timestamp":"2026-04-16 14:50:43"}
{"context":"RoutesResolver","level":"info","message":"FileWriteController {/api/files}:","timestamp":"2026-04-16 14:50:43"}
{"context":"RouterExplorer","level":"info","message":"Mapped {/api/files/upload, POST} route","timestamp":"2026-04-16 14:50:43"}
{"context":"NestApplication","level":"info","message":"Nest application successfully started","timestamp":"2026-04-16 14:50:43"}
{"level":"error","message":"Failed to process file upload: \nInvalid `this.prisma.file.create()` invocation in\n/home/denis/vscode_projects/sentinel/apps/api/src/modules/file/infra/repositories/file-write.repository.ts:14:28\n\n  11 async save(fileEntity: FileEntity): Promise<void> {\n  12   const model = FileMapper.toModel(fileEntity);\n  13 \n→ 14   await this.prisma.file.create(\nThe table `public.File` does not exist in the current database.","stack":[null],"timestamp":"2026-04-16 14:50:50"}
{"context":"NestFactory","level":"info","message":"Starting Nest application...","timestamp":"2026-04-16 14:56:58"}
{"context":"InstanceLoader","level":"info","message":"PrismaModule dependencies initialized","timestamp":"2026-04-16 14:56:58"}
{"context":"InstanceLoader","level":"info","message":"MulterModule dependencies initialized","timestamp":"2026-04-16 14:56:58"}
{"context":"InstanceLoader","level":"info","message":"ThrottlerModule dependencies initialized","timestamp":"2026-04-16 14:56:58"}
{"context":"InstanceLoader","level":"info","message":"ConfigHostModule dependencies initialized","timestamp":"2026-04-16 14:56:58"}
{"context":"InstanceLoader","level":"info","message":"WinstonModule dependencies initialized","timestamp":"2026-04-16 14:56:58"}
{"context":"InstanceLoader","level":"info","message":"ConfigModule dependencies initialized","timestamp":"2026-04-16 14:56:58"}
{"context":"InstanceLoader","level":"info","message":"AppModule dependencies initialized","timestamp":"2026-04-16 14:56:58"}
{"context":"InstanceLoader","level":"info","message":"FileModule dependencies initialized","timestamp":"2026-04-16 14:56:58"}
{"context":"RoutesResolver","level":"info","message":"FileReadController {/api/files}:","timestamp":"2026-04-16 14:56:58"}
{"context":"RouterExplorer","level":"info","message":"Mapped {/api/files, GET} route","timestamp":"2026-04-16 14:56:58"}
{"context":"RouterExplorer","level":"info","message":"Mapped {/api/files/:id, GET} route","timestamp":"2026-04-16 14:56:58"}
{"context":"RoutesResolver","level":"info","message":"FileWriteController {/api/files}:","timestamp":"2026-04-16 14:56:58"}
{"context":"RouterExplorer","level":"info","message":"Mapped {/api/files/upload, POST} route","timestamp":"2026-04-16 14:56:58"}
{"context":"NestApplication","level":"info","message":"Nest application successfully started","timestamp":"2026-04-16 14:56:58"}
